Message->Name = (data[0] >> 0) & (0xFF >> 8);
IC1->EngDslPrtclateFilterIntakePress = (data[0] >> 0) & (0xFF >> 0);
IC1->EngIntakeManifold1Press = (data[1] >> 0) & (0xFF >> 0);
IC1->EngIntakeManifold1Temp = (data[2] >> 0) & (0xFF >> 0);
IC1->EngAirIntakePress = (data[3] >> 0) & (0xFF >> 0);
